> Task :lib:preBuild UP-TO-DATE
> Task :app:checkKotlinGradlePluginConfigurationErrors SKIPPED
> Task :lib:preDebugBuild UP-TO-DATE
> Task :app:ensureProotBinaries
> Task :app:preBuild
> Task :app:preDebugBuild
> Task :lib:writeDebugAarMetadata UP-TO-DATE
> Task :lib:generateDebugResValues UP-TO-DATE
> Task :app:generateDebugBuildConfig UP-TO-DATE
> Task :lib:generateDebugResources UP-TO-DATE
> Task :lib:packageDebugResources UP-TO-DATE
> Task :lib:extractDeepLinksDebug UP-TO-DATE
> Task :lib:processDebugManifest UP-TO-DATE
> Task :lib:compileDebugLibraryResources UP-TO-DATE
> Task :lib:parseDebugLocalResources UP-TO-DATE
> Task :lib:generateDebugRFile UP-TO-DATE
> Task :lib:rustUpTargetAddAndroidArmV7 UP-TO-DATE
> Task :app:checkDebugAarMetadata UP-TO-DATE
> Task :app:generateDebugResValues UP-TO-DATE
> Task :app:mapDebugSourceSetPaths UP-TO-DATE
> Task :app:generateDebugResources UP-TO-DATE
> Task :app:mergeDebugResources UP-TO-DATE
> Task :app:createDebugCompatibleScreenManifests UP-TO-DATE
> Task :app:extractDeepLinksDebug UP-TO-DATE
> Task :app:processDebugMainManifest UP-TO-DATE
> Task :app:processDebugManifest UP-TO-DATE
> Task :app:processDebugManifestForPackage UP-TO-DATE
> Task :app:processDebugResources UP-TO-DATE
> Task :lib:cargoBuildAndroidArmV7Debug
> Task :lib:cargoBuildAndroidArmV7Debug UP-TO-DATE
> Task :lib:installUniffiBindgen UP-TO-DATE
> Task :lib:mergeUniffiConfig UP-TO-DATE
> Task :lib:buildUniffiBindings
> Task :lib:buildUniffiBindings UP-TO-DATE
> Task :lib:checkKotlinGradlePluginConfigurationErrors SKIPPED
> Task :lib:compileDebugKotlin UP-TO-DATE
> Task :lib:javaPreCompileDebug UP-TO-DATE
> Task :lib:compileDebugJavaWithJavac NO-SOURCE
> Task :lib:bundleLibCompileToJarDebug UP-TO-DATE
> Task :app:kspDebugKotlin
> Task :app:compileDebugKotlin
w: file:///C:/Users/tanma/Downloads/Zero-Assist/app/src/main/java/com/zeroclaw/android/backup/BackupViewModel.kt:8:8 'class GoogleSignInAccount : AbstractSafeParcelable, ReflectedParcelable' is deprecated. Deprecated in Java.
w: file:///C:/Users/tanma/Downloads/Zero-Assist/app/src/main/java/com/zeroclaw/android/backup/BackupViewModel.kt:9:8 'class GoogleSignIn : Any' is deprecated. Deprecated in Java.
w: file:///C:/Users/tanma/Downloads/Zero-Assist/app/src/main/java/com/zeroclaw/android/backup/BackupViewModel.kt:10:8 'class GoogleSignInOptions : AbstractSafeParcelable, Api.ApiOptions.Optional, ReflectedParcelable' is deprecated. Deprecated in Java.
w: file:///C:/Users/tanma/Downloads/Zero-Assist/app/src/main/java/com/zeroclaw/android/backup/BackupViewModel.kt:36:16 'class GoogleSignIn : Any' is deprecated. Deprecated in Java.
w: file:///C:/Users/tanma/Downloads/Zero-Assist/app/src/main/java/com/zeroclaw/android/backup/BackupViewModel.kt:45:27 'class GoogleSignIn : Any' is deprecated. Deprecated in Java.
w: file:///C:/Users/tanma/Downloads/Zero-Assist/app/src/main/java/com/zeroclaw/android/backup/BackupViewModel.kt:87:9 'class GoogleSignIn : Any' is deprecated. Deprecated in Java.
w: file:///C:/Users/tanma/Downloads/Zero-Assist/app/src/main/java/com/zeroclaw/android/backup/BackupViewModel.kt:100:39 'class GoogleSignInOptions : AbstractSafeParcelable, Api.ApiOptions.Optional, ReflectedParcelable' is deprecated. Deprecated in Java.
w: file:///C:/Users/tanma/Downloads/Zero-Assist/app/src/main/java/com/zeroclaw/android/backup/BackupViewModel.kt:101:9 'class GoogleSignInOptions : AbstractSafeParcelable, Api.ApiOptions.Optional, ReflectedParcelable' is deprecated. Deprecated in Java.
w: file:///C:/Users/tanma/Downloads/Zero-Assist/app/src/main/java/com/zeroclaw/android/backup/BackupViewModel.kt:101:37 'class GoogleSignInOptions : AbstractSafeParcelable, Api.ApiOptions.Optional, ReflectedParcelable' is deprecated. Deprecated in Java.
w: file:///C:/Users/tanma/Downloads/Zero-Assist/app/src/main/java/com/zeroclaw/android/backup/BackupViewModel.kt:149:13 'class GoogleSignInAccount : AbstractSafeParcelable, ReflectedParcelable' is deprecated. Deprecated in Java.
w: file:///C:/Users/tanma/Downloads/Zero-Assist/app/src/main/java/com/zeroclaw/android/backup/DriveBackupManager.kt:11:8 'class GoogleSignIn : Any' is deprecated. Deprecated in Java.
w: file:///C:/Users/tanma/Downloads/Zero-Assist/app/src/main/java/com/zeroclaw/android/backup/DriveBackupManager.kt:12:8 'class GoogleSignInAccount : AbstractSafeParcelable, ReflectedParcelable' is deprecated. Deprecated in Java.
w: file:///C:/Users/tanma/Downloads/Zero-Assist/app/src/main/java/com/zeroclaw/android/backup/DriveBackupManager.kt:130:39 'class GoogleSignInAccount : AbstractSafeParcelable, ReflectedParcelable' is deprecated. Deprecated in Java.
w: file:///C:/Users/tanma/Downloads/Zero-Assist/app/src/main/java/com/zeroclaw/android/backup/DriveBackupManager.kt:131:23 'class GoogleSignIn : Any' is deprecated. Deprecated in Java.
w: file:///C:/Users/tanma/Downloads/Zero-Assist/app/src/main/java/com/zeroclaw/android/backup/DriveBackupManager.kt:132:20 'class GoogleSignIn : Any' is deprecated. Deprecated in Java.
w: file:///C:/Users/tanma/Downloads/Zero-Assist/app/src/main/java/com/zeroclaw/android/backup/DriveBackupManager.kt:139:43 'class GoogleSignInAccount : AbstractSafeParcelable, ReflectedParcelable' is deprecated. Deprecated in Java.
w: file:///C:/Users/tanma/Downloads/Zero-Assist/app/src/main/java/com/zeroclaw/android/backup/DriveBackupManager.kt:145:13 'class GoogleSignInAccount : AbstractSafeParcelable, ReflectedParcelable' is deprecated. Deprecated in Java.
w: file:///C:/Users/tanma/Downloads/Zero-Assist/app/src/main/java/com/zeroclaw/android/google/GoogleWorkspaceAuthManager.kt:12:8 'class GoogleSignIn : Any' is deprecated. Deprecated in Java.
w: file:///C:/Users/tanma/Downloads/Zero-Assist/app/src/main/java/com/zeroclaw/android/google/GoogleWorkspaceAuthManager.kt:13:8 'class GoogleSignInAccount : AbstractSafeParcelable, ReflectedParcelable' is deprecated. Deprecated in Java.
w: file:///C:/Users/tanma/Downloads/Zero-Assist/app/src/main/java/com/zeroclaw/android/google/GoogleWorkspaceAuthManager.kt:14:8 'class GoogleSignInOptions : AbstractSafeParcelable, Api.ApiOptions.Optional, ReflectedParcelable' is deprecated. Deprecated in Java.
w: file:///C:/Users/tanma/Downloads/Zero-Assist/app/src/main/java/com/zeroclaw/android/google/GoogleWorkspaceAuthManager.kt:43:32 'class GoogleSignInOptions : AbstractSafeParcelable, Api.ApiOptions.Optional, ReflectedParcelable' is deprecated. Deprecated in Java.
w: file:///C:/Users/tanma/Downloads/Zero-Assist/app/src/main/java/com/zeroclaw/android/google/GoogleWorkspaceAuthManager.kt:44:17 'class GoogleSignInOptions : AbstractSafeParcelable, Api.ApiOptions.Optional, ReflectedParcelable' is deprecated. Deprecated in Java.
w: file:///C:/Users/tanma/Downloads/Zero-Assist/app/src/main/java/com/zeroclaw/android/google/GoogleWorkspaceAuthManager.kt:44:45 'class GoogleSignInOptions : AbstractSafeParcelable, Api.ApiOptions.Optional, ReflectedParcelable' is deprecated. Deprecated in Java.
w: file:///C:/Users/tanma/Downloads/Zero-Assist/app/src/main/java/com/zeroclaw/android/google/GoogleWorkspaceAuthManager.kt:51:27 'class GoogleSignIn : Any' is deprecated. Deprecated in Java.
w: file:///C:/Users/tanma/Downloads/Zero-Assist/app/src/main/java/com/zeroclaw/android/google/GoogleWorkspaceAuthManager.kt:52:35 'class GoogleSignIn : Any' is deprecated. Deprecated in Java.
w: file:///C:/Users/tanma/Downloads/Zero-Assist/app/src/main/java/com/zeroclaw/android/google/GoogleWorkspaceAuthManager.kt:59:9 'class GoogleSignIn : Any' is deprecated. Deprecated in Java.
w: file:///C:/Users/tanma/Downloads/Zero-Assist/app/src/main/java/com/zeroclaw/android/google/GoogleWorkspaceAuthManager.kt:62:9 'class GoogleSignIn : Any' is deprecated. Deprecated in Java.
w: file:///C:/Users/tanma/Downloads/Zero-Assist/app/src/main/java/com/zeroclaw/android/google/GoogleWorkspaceAuthManager.kt:66:27 'class GoogleSignIn : Any' is deprecated. Deprecated in Java.
w: file:///C:/Users/tanma/Downloads/Zero-Assist/app/src/main/java/com/zeroclaw/android/google/GoogleWorkspaceAuthManager.kt:78:9 'class GoogleSignIn : Any' is deprecated. Deprecated in Java.
w: file:///C:/Users/tanma/Downloads/Zero-Assist/app/src/main/java/com/zeroclaw/android/google/GoogleWorkspaceAuthManager.kt:89:52 'class GoogleSignInAccount : AbstractSafeParcelable, ReflectedParcelable' is deprecated. Deprecated in Java.
w: file:///C:/Users/tanma/Downloads/Zero-Assist/app/src/main/java/com/zeroclaw/android/google/GoogleWorkspaceAuthManager.kt:115:42 'class GoogleSignInAccount : AbstractSafeParcelable, ReflectedParcelable' is deprecated. Deprecated in Java.
w: file:///C:/Users/tanma/Downloads/Zero-Assist/app/src/main/java/com/zeroclaw/android/service/PiperOnnxPackageDownloader.kt:133:29 Redundant creation of Json format. Creating instances for each usage can be slow.
w: file:///C:/Users/tanma/Downloads/Zero-Assist/app/src/main/java/com/zeroclaw/android/service/devicecontrol/DeviceControlAccessibilityService.kt:121:32 'fun recycle(): Unit' is deprecated. Deprecated in Java.
w: file:///C:/Users/tanma/Downloads/Zero-Assist/app/src/main/java/com/zeroclaw/android/service/devicecontrol/DeviceControlAccessibilityService.kt:142:32 'fun recycle(): Unit' is deprecated. Deprecated in Java.
w: file:///C:/Users/tanma/Downloads/Zero-Assist/app/src/main/java/com/zeroclaw/android/service/devicecontrol/DeviceControlAccessibilityService.kt:191:87 'fun recycle(): Unit' is deprecated. Deprecated in Java.
w: file:///C:/Users/tanma/Downloads/Zero-Assist/app/src/main/java/com/zeroclaw/android/service/devicecontrol/DeviceControlAccessibilityService.kt:234:73 'fun recycle(): Unit' is deprecated. Deprecated in Java.
w: file:///C:/Users/tanma/Downloads/Zero-Assist/app/src/main/java/com/zeroclaw/android/service/devicecontrol/DeviceControlAccessibilityService.kt:242:66 'fun recycle(): Unit' is deprecated. Deprecated in Java.
w: file:///C:/Users/tanma/Downloads/Zero-Assist/app/src/main/java/com/zeroclaw/android/service/devicecontrol/DeviceControlAccessibilityService.kt:263:73 'fun recycle(): Unit' is deprecated. Deprecated in Java.
w: file:///C:/Users/tanma/Downloads/Zero-Assist/app/src/main/java/com/zeroclaw/android/service/devicecontrol/DeviceControlAccessibilityService.kt:280:51 'static fun obtain(p0: AccessibilityNodeInfo!): AccessibilityNodeInfo!' is deprecated. Deprecated in Java.
w: file:///C:/Users/tanma/Downloads/Zero-Assist/app/src/main/java/com/zeroclaw/android/service/devicecontrol/DeviceControlAccessibilityService.kt:284:80 'fun recycle(): Unit' is deprecated. Deprecated in Java.
w: file:///C:/Users/tanma/Downloads/Zero-Assist/app/src/main/java/com/zeroclaw/android/service/devicecontrol/DeviceControlAccessibilityService.kt:290:68 'static fun obtain(p0: AccessibilityNodeInfo!): AccessibilityNodeInfo!' is deprecated. Deprecated in Java.
w: file:///C:/Users/tanma/Downloads/Zero-Assist/app/src/main/java/com/zeroclaw/android/service/devicecontrol/DeviceControlAccessibilityService.kt:295:24 'fun recycle(): Unit' is deprecated. Deprecated in Java.
w: file:///C:/Users/tanma/Downloads/Zero-Assist/app/src/main/java/com/zeroclaw/android/service/devicecontrol/DeviceControlAccessibilityService.kt:299:21 'fun recycle(): Unit' is deprecated. Deprecated in Java.
w: file:///C:/Users/tanma/Downloads/Zero-Assist/app/src/main/java/com/zeroclaw/android/service/devicecontrol/DeviceControlAccessibilityService.kt:317:27 'fun recycle(): Unit' is deprecated. Deprecated in Java.
w: file:///C:/Users/tanma/Downloads/Zero-Assist/app/src/main/java/com/zeroclaw/android/service/devicecontrol/DeviceControlAccessibilityService.kt:324:101 'static fun obtain(p0: AccessibilityNodeInfo!): AccessibilityNodeInfo!' is deprecated. Deprecated in Java.
w: file:///C:/Users/tanma/Downloads/Zero-Assist/app/src/main/java/com/zeroclaw/android/service/devicecontrol/DeviceControlAccessibilityService.kt:328:79 'fun recycle(): Unit' is deprecated. Deprecated in Java.
w: file:///C:/Users/tanma/Downloads/Zero-Assist/app/src/main/java/com/zeroclaw/android/service/devicecontrol/DeviceControlAccessibilityService.kt:340:35 'fun recycle(): Unit' is deprecated. Deprecated in Java.
w: file:///C:/Users/tanma/Downloads/Zero-Assist/app/src/main/java/com/zeroclaw/android/service/devicecontrol/DeviceControlAccessibilityService.kt:358:26 'fun recycle(): Unit' is deprecated. Deprecated in Java.
w: file:///C:/Users/tanma/Downloads/Zero-Assist/app/src/main/java/com/zeroclaw/android/service/devicecontrol/DeviceControlAccessibilityService.kt:362:61 'static fun obtain(p0: AccessibilityNodeInfo!): AccessibilityNodeInfo!' is deprecated. Deprecated in Java.
w: file:///C:/Users/tanma/Downloads/Zero-Assist/app/src/main/java/com/zeroclaw/android/service/devicecontrol/DeviceControlAccessibilityService.kt:365:75 'fun recycle(): Unit' is deprecated. Deprecated in Java.
w: file:///C:/Users/tanma/Downloads/Zero-Assist/app/src/main/java/com/zeroclaw/android/service/devicecontrol/DeviceControlAccessibilityService.kt:403:96 'fun recycle(): Unit' is deprecated. Deprecated in Java.
w: file:///C:/Users/tanma/Downloads/Zero-Assist/app/src/main/java/com/zeroclaw/android/service/devicecontrol/DeviceControlAccessibilityService.kt:451:65 'fun recycle(): Unit' is deprecated. Deprecated in Java.
w: file:///C:/Users/tanma/Downloads/Zero-Assist/app/src/main/java/com/zeroclaw/android/service/sandbox/SandboxBridgeServer.kt:359:23 Check for instance is always 'true'.
w: file:///C:/Users/tanma/Downloads/Zero-Assist/app/src/main/java/com/zeroclaw/android/ui/component/CameraPreview.kt:144:26 'val LocalLifecycleOwner: ProvidableCompositionLocal<LifecycleOwner>' is deprecated. Moved to lifecycle-runtime-compose library in androidx.lifecycle.compose package.
w: file:///C:/Users/tanma/Downloads/Zero-Assist/app/src/main/java/com/zeroclaw/android/ui/screen/webdashboard/WebDashboardScreen.kt:102:29 'var databaseEnabled: Boolean' is deprecated. Deprecated in Java.
w: file:///C:/Users/tanma/Downloads/Zero-Assist/app/src/main/java/com/zeroclaw/android/viewmodel/DaemonViewModel.kt:117:14 This declaration needs opt-in. Its usage should be marked with '@kotlinx.coroutines.ExperimentalCoroutinesApi' or '@OptIn(kotlinx.coroutines.ExperimentalCoroutinesApi::class)'
w: file:///C:/Users/tanma/Downloads/Zero-Assist/app/src/main/java/com/zeroclaw/android/viewmodel/DaemonViewModel.kt:128:14 This declaration needs opt-in. Its usage should be marked with '@kotlinx.coroutines.ExperimentalCoroutinesApi' or '@OptIn(kotlinx.coroutines.ExperimentalCoroutinesApi::class)'
w: file:///C:/Users/tanma/Downloads/Zero-Assist/app/src/main/java/com/zeroclaw/android/viewmodel/DaemonViewModel.kt:139:14 This declaration needs opt-in. Its usage should be marked with '@kotlinx.coroutines.ExperimentalCoroutinesApi' or '@OptIn(kotlinx.coroutines.ExperimentalCoroutinesApi::class)'
w: file:///C:/Users/tanma/Downloads/Zero-Assist/app/src/main/java/com/zeroclaw/android/viewmodel/DaemonViewModel.kt:154:14 This declaration needs opt-in. Its usage should be marked with '@kotlinx.coroutines.ExperimentalCoroutinesApi' or '@OptIn(kotlinx.coroutines.ExperimentalCoroutinesApi::class)'

BUILD SUCCESSFUL in 9m 37s
32 actionable tasks: 3 executed, 29 up-to-date
