> Task :app:checkKotlinGradlePluginConfigurationErrors SKIPPED
> Task :lib:preBuild UP-TO-DATE
> Task :lib:preDebugBuild UP-TO-DATE
> Task :app:ensureProotBinaries
> Task :app:preBuild
> Task :lib:writeDebugAarMetadata UP-TO-DATE
> Task :app:preDebugBuild
> Task :app:generateDebugBuildConfig UP-TO-DATE
> Task :lib:generateDebugResValues UP-TO-DATE
> Task :lib:generateDebugResources UP-TO-DATE
> Task :lib:packageDebugResources UP-TO-DATE
> Task :lib:extractDeepLinksDebug UP-TO-DATE
> Task :lib:processDebugManifest UP-TO-DATE
> Task :lib:compileDebugLibraryResources UP-TO-DATE
> Task :lib:parseDebugLocalResources UP-TO-DATE
> Task :lib:generateDebugRFile UP-TO-DATE
> Task :lib:rustUpTargetAddAndroidArmV7 UP-TO-DATE
> Task :app:checkDebugAarMetadata UP-TO-DATE
> Task :app:generateDebugResValues UP-TO-DATE
> Task :app:mapDebugSourceSetPaths UP-TO-DATE
> Task :app:generateDebugResources UP-TO-DATE
> Task :app:mergeDebugResources UP-TO-DATE
> Task :app:createDebugCompatibleScreenManifests UP-TO-DATE
> Task :app:extractDeepLinksDebug UP-TO-DATE
> Task :app:processDebugMainManifest UP-TO-DATE
> Task :app:processDebugManifest UP-TO-DATE
> Task :app:processDebugManifestForPackage UP-TO-DATE
> Task :app:processDebugResources UP-TO-DATE
> Task :app:javaPreCompileDebug UP-TO-DATE
> Task :app:preDebugUnitTestBuild
> Task :app:javaPreCompileDebugUnitTest UP-TO-DATE
> Task :lib:cargoBuildAndroidArmV7Debug
> Task :lib:cargoBuildAndroidArmV7Debug UP-TO-DATE
> Task :lib:installUniffiBindgen UP-TO-DATE
> Task :lib:mergeUniffiConfig UP-TO-DATE
> Task :lib:buildUniffiBindings UP-TO-DATE
> Task :lib:checkKotlinGradlePluginConfigurationErrors SKIPPED
> Task :lib:compileDebugKotlin UP-TO-DATE
> Task :lib:javaPreCompileDebug UP-TO-DATE
> Task :lib:compileDebugJavaWithJavac NO-SOURCE
> Task :lib:bundleLibCompileToJarDebug UP-TO-DATE
> Task :lib:bundleLibRuntimeToJarDebug UP-TO-DATE
> Task :lib:processDebugJavaRes UP-TO-DATE
> Task :app:kspDebugKotlin UP-TO-DATE
> Task :app:compileDebugKotlin UP-TO-DATE
> Task :app:compileDebugJavaWithJavac UP-TO-DATE
> Task :app:bundleDebugClassesToRuntimeJar UP-TO-DATE
> Task :app:bundleDebugClassesToCompileJar UP-TO-DATE
> Task :app:processDebugJavaRes UP-TO-DATE
> Task :app:kspDebugUnitTestKotlin
> Task :app:compileDebugUnitTestKotlin
w: file:///C:/Users/tanma/Downloads/Zero-Assist/app/src/test/java/com/zeroclaw/android/goal/DebugHangTest.kt:52:9 This declaration needs opt-in. Its usage should be marked with '@kotlinx.coroutines.ExperimentalCoroutinesApi' or '@OptIn(kotlinx.coroutines.ExperimentalCoroutinesApi::class)'
w: file:///C:/Users/tanma/Downloads/Zero-Assist/app/src/test/java/com/zeroclaw/android/goal/GoalRuntimeBridgeTest.kt:55:9 This declaration needs opt-in. Its usage should be marked with '@kotlinx.coroutines.ExperimentalCoroutinesApi' or '@OptIn(kotlinx.coroutines.ExperimentalCoroutinesApi::class)'
w: file:///C:/Users/tanma/Downloads/Zero-Assist/app/src/test/java/com/zeroclaw/android/goal/GoalRuntimeBridgeTest.kt:91:9 This declaration needs opt-in. Its usage should be marked with '@kotlinx.coroutines.ExperimentalCoroutinesApi' or '@OptIn(kotlinx.coroutines.ExperimentalCoroutinesApi::class)'
w: file:///C:/Users/tanma/Downloads/Zero-Assist/app/src/test/java/com/zeroclaw/android/goal/GoalSchedulerTest.kt:68:9 This declaration needs opt-in. Its usage should be marked with '@kotlinx.coroutines.ExperimentalCoroutinesApi' or '@OptIn(kotlinx.coroutines.ExperimentalCoroutinesApi::class)'
w: file:///C:/Users/tanma/Downloads/Zero-Assist/app/src/test/java/com/zeroclaw/android/goal/GoalSchedulerTest.kt:91:9 This declaration needs opt-in. Its usage should be marked with '@kotlinx.coroutines.ExperimentalCoroutinesApi' or '@OptIn(kotlinx.coroutines.ExperimentalCoroutinesApi::class)'
w: file:///C:/Users/tanma/Downloads/Zero-Assist/app/src/test/java/com/zeroclaw/android/goal/GoalSchedulerTest.kt:110:9 This declaration needs opt-in. Its usage should be marked with '@kotlinx.coroutines.ExperimentalCoroutinesApi' or '@OptIn(kotlinx.coroutines.ExperimentalCoroutinesApi::class)'
w: file:///C:/Users/tanma/Downloads/Zero-Assist/app/src/test/java/com/zeroclaw/android/goal/GoalSchedulerTest.kt:140:9 This declaration needs opt-in. Its usage should be marked with '@kotlinx.coroutines.ExperimentalCoroutinesApi' or '@OptIn(kotlinx.coroutines.ExperimentalCoroutinesApi::class)'
w: file:///C:/Users/tanma/Downloads/Zero-Assist/app/src/test/java/com/zeroclaw/android/goal/GoalSchedulerTest.kt:155:9 This declaration needs opt-in. Its usage should be marked with '@kotlinx.coroutines.ExperimentalCoroutinesApi' or '@OptIn(kotlinx.coroutines.ExperimentalCoroutinesApi::class)'
w: file:///C:/Users/tanma/Downloads/Zero-Assist/app/src/test/java/com/zeroclaw/android/goal/GoalSchedulerTest.kt:158:9 This declaration needs opt-in. Its usage should be marked with '@kotlinx.coroutines.ExperimentalCoroutinesApi' or '@OptIn(kotlinx.coroutines.ExperimentalCoroutinesApi::class)'
w: file:///C:/Users/tanma/Downloads/Zero-Assist/app/src/test/java/com/zeroclaw/android/goal/GoalSchedulerTest.kt:176:9 This declaration needs opt-in. Its usage should be marked with '@kotlinx.coroutines.ExperimentalCoroutinesApi' or '@OptIn(kotlinx.coroutines.ExperimentalCoroutinesApi::class)'
w: file:///C:/Users/tanma/Downloads/Zero-Assist/app/src/test/java/com/zeroclaw/android/goal/GoalSchedulerTest.kt:194:9 This declaration needs opt-in. Its usage should be marked with '@kotlinx.coroutines.ExperimentalCoroutinesApi' or '@OptIn(kotlinx.coroutines.ExperimentalCoroutinesApi::class)'
w: file:///C:/Users/tanma/Downloads/Zero-Assist/app/src/test/java/com/zeroclaw/android/goal/GoalSchedulerTest.kt:210:9 This declaration needs opt-in. Its usage should be marked with '@kotlinx.coroutines.ExperimentalCoroutinesApi' or '@OptIn(kotlinx.coroutines.ExperimentalCoroutinesApi::class)'
w: file:///C:/Users/tanma/Downloads/Zero-Assist/app/src/test/java/com/zeroclaw/android/goal/GoalSchedulerTest.kt:220:9 This declaration needs opt-in. Its usage should be marked with '@kotlinx.coroutines.ExperimentalCoroutinesApi' or '@OptIn(kotlinx.coroutines.ExperimentalCoroutinesApi::class)'
w: file:///C:/Users/tanma/Downloads/Zero-Assist/app/src/test/java/com/zeroclaw/android/goal/GoalSchedulerTest.kt:239:9 This declaration needs opt-in. Its usage should be marked with '@kotlinx.coroutines.ExperimentalCoroutinesApi' or '@OptIn(kotlinx.coroutines.ExperimentalCoroutinesApi::class)'
w: file:///C:/Users/tanma/Downloads/Zero-Assist/app/src/test/java/com/zeroclaw/android/goal/GoalSchedulerTest.kt:259:9 This declaration needs opt-in. Its usage should be marked with '@kotlinx.coroutines.ExperimentalCoroutinesApi' or '@OptIn(kotlinx.coroutines.ExperimentalCoroutinesApi::class)'
w: file:///C:/Users/tanma/Downloads/Zero-Assist/app/src/test/java/com/zeroclaw/android/goal/GoalSchedulerTest.kt:282:9 This declaration needs opt-in. Its usage should be marked with '@kotlinx.coroutines.ExperimentalCoroutinesApi' or '@OptIn(kotlinx.coroutines.ExperimentalCoroutinesApi::class)'
w: file:///C:/Users/tanma/Downloads/Zero-Assist/app/src/test/java/com/zeroclaw/android/goal/GoalSecurityTest.kt:105:9 This declaration needs opt-in. Its usage should be marked with '@kotlinx.coroutines.ExperimentalCoroutinesApi' or '@OptIn(kotlinx.coroutines.ExperimentalCoroutinesApi::class)'
w: file:///C:/Users/tanma/Downloads/Zero-Assist/app/src/test/java/com/zeroclaw/android/goal/PerformanceTest.kt:53:9 This declaration needs opt-in. Its usage should be marked with '@kotlinx.coroutines.ExperimentalCoroutinesApi' or '@OptIn(kotlinx.coroutines.ExperimentalCoroutinesApi::class)'
w: file:///C:/Users/tanma/Downloads/Zero-Assist/app/src/test/java/com/zeroclaw/android/goal/PerformanceTest.kt:69:9 This declaration needs opt-in. Its usage should be marked with '@kotlinx.coroutines.ExperimentalCoroutinesApi' or '@OptIn(kotlinx.coroutines.ExperimentalCoroutinesApi::class)'
w: file:///C:/Users/tanma/Downloads/Zero-Assist/app/src/test/java/com/zeroclaw/android/goal/PerformanceTest.kt:91:9 This declaration needs opt-in. Its usage should be marked with '@kotlinx.coroutines.ExperimentalCoroutinesApi' or '@OptIn(kotlinx.coroutines.ExperimentalCoroutinesApi::class)'
w: file:///C:/Users/tanma/Downloads/Zero-Assist/app/src/test/java/com/zeroclaw/android/goal/PersistenceTest.kt:152:9 This declaration needs opt-in. Its usage should be marked with '@kotlinx.coroutines.ExperimentalCoroutinesApi' or '@OptIn(kotlinx.coroutines.ExperimentalCoroutinesApi::class)'
w: file:///C:/Users/tanma/Downloads/Zero-Assist/app/src/test/java/com/zeroclaw/android/goal/RecoveryTest.kt:72:9 This declaration needs opt-in. Its usage should be marked with '@kotlinx.coroutines.ExperimentalCoroutinesApi' or '@OptIn(kotlinx.coroutines.ExperimentalCoroutinesApi::class)'
w: file:///C:/Users/tanma/Downloads/Zero-Assist/app/src/test/java/com/zeroclaw/android/goal/RecoveryTest.kt:94:9 This declaration needs opt-in. Its usage should be marked with '@kotlinx.coroutines.ExperimentalCoroutinesApi' or '@OptIn(kotlinx.coroutines.ExperimentalCoroutinesApi::class)'
w: file:///C:/Users/tanma/Downloads/Zero-Assist/app/src/test/java/com/zeroclaw/android/goal/RecoveryTest.kt:139:9 This declaration needs opt-in. Its usage should be marked with '@kotlinx.coroutines.ExperimentalCoroutinesApi' or '@OptIn(kotlinx.coroutines.ExperimentalCoroutinesApi::class)'
w: file:///C:/Users/tanma/Downloads/Zero-Assist/app/src/test/java/com/zeroclaw/android/goal/RecoveryTest.kt:169:9 This declaration needs opt-in. Its usage should be marked with '@kotlinx.coroutines.ExperimentalCoroutinesApi' or '@OptIn(kotlinx.coroutines.ExperimentalCoroutinesApi::class)'
w: file:///C:/Users/tanma/Downloads/Zero-Assist/app/src/test/java/com/zeroclaw/android/goal/RecoveryTest.kt:211:9 This declaration needs opt-in. Its usage should be marked with '@kotlinx.coroutines.ExperimentalCoroutinesApi' or '@OptIn(kotlinx.coroutines.ExperimentalCoroutinesApi::class)'
w: file:///C:/Users/tanma/Downloads/Zero-Assist/app/src/test/java/com/zeroclaw/android/goal/RecoveryTest.kt:244:9 This declaration needs opt-in. Its usage should be marked with '@kotlinx.coroutines.ExperimentalCoroutinesApi' or '@OptIn(kotlinx.coroutines.ExperimentalCoroutinesApi::class)'
w: file:///C:/Users/tanma/Downloads/Zero-Assist/app/src/test/java/com/zeroclaw/android/goal/RecoveryTest.kt:249:9 This declaration needs opt-in. Its usage should be marked with '@kotlinx.coroutines.ExperimentalCoroutinesApi' or '@OptIn(kotlinx.coroutines.ExperimentalCoroutinesApi::class)'
w: file:///C:/Users/tanma/Downloads/Zero-Assist/app/src/test/java/com/zeroclaw/android/goal/RecoveryTest.kt:268:9 This declaration needs opt-in. Its usage should be marked with '@kotlinx.coroutines.ExperimentalCoroutinesApi' or '@OptIn(kotlinx.coroutines.ExperimentalCoroutinesApi::class)'
w: file:///C:/Users/tanma/Downloads/Zero-Assist/app/src/test/java/com/zeroclaw/android/goal/VerificationTest.kt:118:9 This declaration needs opt-in. Its usage should be marked with '@kotlinx.coroutines.ExperimentalCoroutinesApi' or '@OptIn(kotlinx.coroutines.ExperimentalCoroutinesApi::class)'
w: file:///C:/Users/tanma/Downloads/Zero-Assist/app/src/test/java/com/zeroclaw/android/goal/VerificationTest.kt:160:9 This declaration needs opt-in. Its usage should be marked with '@kotlinx.coroutines.ExperimentalCoroutinesApi' or '@OptIn(kotlinx.coroutines.ExperimentalCoroutinesApi::class)'
w: file:///C:/Users/tanma/Downloads/Zero-Assist/app/src/test/java/com/zeroclaw/android/service/AgentConversationEngineTest.kt:132:34 Only safe (?.) or non-null asserted (!!.) calls are allowed on a nullable receiver of type 'kotlin.Any?'.
w: file:///C:/Users/tanma/Downloads/Zero-Assist/app/src/test/java/com/zeroclaw/android/service/devicecontrol/DeviceControlExecutorTest.kt:244:20 Check for instance is always 'true'.
w: file:///C:/Users/tanma/Downloads/Zero-Assist/app/src/test/java/com/zeroclaw/android/service/devicecontrol/DeviceControlExecutorTest.kt:400:20 Check for instance is always 'true'.

> Task :app:compileDebugUnitTestJavaWithJavac NO-SOURCE
> Task :app:processDebugUnitTestJavaRes UP-TO-DATE
> Task :app:testDebugUnitTest

DebugHangTest > debug sequential chain FAILED
    org.junit.runners.model.TestTimedOutException at DebugHangTest.kt:31

DBG: executor A ran
DBG: executor A ran
DBG: executor A ran
DBG: executor A ran
DBG: executor A ran
DBG: executor A ran
DBG: executor A ran
DBG: executor A ran
DBG: executor A ran
DBG: executor A ran
DBG: executor A ran
DBG: executor A ran
DBG: executor A ran
DBG: executor A ran
DBG: executor A ran
DBG: executor A ran
DBG: executor A ran
DBG: executor A ran
DBG: executor A ran
DBG: executor A ran
DBG: executor A ran

> Task :app:testDebugUnitTest

1 test completed, 1 failed

> Task :app:testDebugUnitTest FAILED
