> Task :app:checkKotlinGradlePluginConfigurationErrors SKIPPED
> Task :lib:preBuild UP-TO-DATE
> Task :lib:preDebugBuild UP-TO-DATE
> Task :app:ensureProotBinaries
> Task :app:preBuild
> Task :app:preDebugBuild
> Task :lib:writeDebugAarMetadata UP-TO-DATE
> Task :app:generateDebugBuildConfig UP-TO-DATE
> Task :lib:generateDebugResValues UP-TO-DATE
> Task :lib:generateDebugResources UP-TO-DATE
> Task :lib:packageDebugResources UP-TO-DATE
> Task :lib:extractDeepLinksDebug UP-TO-DATE
> Task :lib:processDebugManifest UP-TO-DATE
> Task :lib:compileDebugLibraryResources UP-TO-DATE
> Task :lib:parseDebugLocalResources UP-TO-DATE
> Task :lib:generateDebugRFile UP-TO-DATE
> Task :lib:rustUpTargetAddAndroidArmV7 UP-TO-DATE
> Task :app:checkDebugAarMetadata UP-TO-DATE
> Task :app:generateDebugResValues UP-TO-DATE
> Task :app:mapDebugSourceSetPaths UP-TO-DATE
> Task :app:generateDebugResources UP-TO-DATE
> Task :app:mergeDebugResources UP-TO-DATE
> Task :app:createDebugCompatibleScreenManifests UP-TO-DATE
> Task :app:extractDeepLinksDebug UP-TO-DATE
> Task :app:processDebugMainManifest UP-TO-DATE
> Task :app:processDebugManifest UP-TO-DATE
> Task :app:processDebugManifestForPackage UP-TO-DATE
> Task :app:processDebugResources UP-TO-DATE
> Task :app:javaPreCompileDebug UP-TO-DATE
> Task :app:preDebugUnitTestBuild
> Task :app:javaPreCompileDebugUnitTest UP-TO-DATE
> Task :lib:cargoBuildAndroidArmV7Debug UP-TO-DATE
> Task :lib:installUniffiBindgen UP-TO-DATE
> Task :lib:mergeUniffiConfig UP-TO-DATE
> Task :lib:buildUniffiBindings UP-TO-DATE
> Task :lib:checkKotlinGradlePluginConfigurationErrors SKIPPED
> Task :lib:compileDebugKotlin UP-TO-DATE
> Task :lib:javaPreCompileDebug UP-TO-DATE
> Task :lib:compileDebugJavaWithJavac NO-SOURCE
> Task :lib:bundleLibCompileToJarDebug UP-TO-DATE
> Task :lib:bundleLibRuntimeToJarDebug UP-TO-DATE
> Task :lib:processDebugJavaRes UP-TO-DATE
> Task :app:kspDebugKotlin UP-TO-DATE
> Task :app:compileDebugKotlin UP-TO-DATE
> Task :app:compileDebugJavaWithJavac UP-TO-DATE
> Task :app:bundleDebugClassesToRuntimeJar UP-TO-DATE
> Task :app:bundleDebugClassesToCompileJar UP-TO-DATE
> Task :app:kspDebugUnitTestKotlin UP-TO-DATE
> Task :app:compileDebugUnitTestKotlin UP-TO-DATE
> Task :app:compileDebugUnitTestJavaWithJavac NO-SOURCE
> Task :app:processDebugJavaRes UP-TO-DATE
> Task :app:processDebugUnitTestJavaRes UP-TO-DATE
> Task :app:testDebugUnitTest

Deprecated Gradle features were used in this build, making it incompatible with Gradle 9.0.

You can use '--warning-mode all' to show the individual deprecation warnings and determine if they come from your own scripts or plugins.

For more on this, please refer to https://docs.gradle.org/8.10.2/userguide/command_line_interface.html#sec:command_line_warnings in the Gradle documentation.

BUILD SUCCESSFUL in 37s
44 actionable tasks: 2 executed, 42 up-to-date
